// Jest Snapshot v1, https://goo.gl/fbAQLP

exports[`renders correctly when there are no items 1`] = `
<div
  className="container-quote"
>
  <p>
    “Live as if you were to die tomorrow. Learn as if you were to live forever.”
  </p>
  <span>
    – Mahatma Gandhi
  </span>
</div>
`;
